// Jest Snapshot v1, https://goo.gl/fbAQLP

exports[`Menu matches snapshot 1`] = `
<DocumentFragment>
  <ul
    class="menu"
  >
    <li>
      <a
        class="link underline-hover menu-link"
        href="/booking"
        rel=""
        target=""
      >
        Booking
      </a>
    </li>
    <li>
      <a
        class="link underline-hover menu-link"
        href="/events"
        rel=""
        target=""
      >
        Events
      </a>
    </li>
    <li>
      <a
        class="link underline-hover menu-link"
        href="/schools-camps"
        rel=""
        target=""
      >
        Schools & Camps
      </a>
    </li>
    <li>
      <button
        class="button link submenu-btn"
      >
        About
        <svg
          class="gray sm"
        >
          <use
            href="/icons/icon-sprites.svg#caret"
          />
        </svg>
      </button>
    </li>
  </ul>
</DocumentFragment>
`;
